<html>
<body>
<pre>
<h1>µVision Build Log</h1>
<h2>Tool Versions:</h2>
IDE-Version: µVision V5.22.0.0
Copyright (C) 2016 ARM Ltd and ARM Germany GmbH. All rights reserved.
License Information: Nick Microsoft, Microsoft, LIC=----
 
Tool Versions:
Toolchain:       MDK-Lite  Version: 5.22
Toolchain Path:  E:\keil\ARM\ARMCC\Bin
C Compiler:      Armcc.exe V5.06 update 4 (build 422)
Assembler:       Armasm.exe V5.06 update 4 (build 422)
Linker/Locator:  ArmLink.exe V5.06 update 4 (build 422)
Library Manager: ArmAr.exe V5.06 update 4 (build 422)
Hex Converter:   FromElf.exe V5.06 update 4 (build 422)
CPU DLL:         SARMCM3.DLL V5.22
Dialog DLL:      DCM.DLL V1.13.9.0
Target DLL:      STLink\ST-LINKIII-KEIL_SWO.dll V2.0.18.0
Dialog DLL:      TCM.DLL V1.21.0.0
 
<h2>Project:</h2>
C:\Users\TSAFAS\Dropbox\Project\supersecret\ultrasecret.uvprojx
Project File Date:  12/13/2016

<h2>Output:</h2>
*** Using Compiler 'V5.06 update 4 (build 422)', folder: 'E:\keil\ARM\ARMCC\Bin'
Build target 'Target 1'
Clean started - Project: 'ultrasecret'
   deleting intermediate output files for target 'Target 1'
compiling ultrasecret.c...
ultrasecret.c(230): warning:  #223-D: function "__initenc" declared implicitly
        __initenc();
ultrasecret.c(231): warning:  #223-D: function "__keyexp" declared implicitly
        __keyexp();
ultrasecret.c(233): warning:  #223-D: function "__encr" declared implicitly
        __encr();
ultrasecret.c(235): warning:  #223-D: function "__decr" declared implicitly
        __decr();
ultrasecret.c(184): warning:  #177-D: variable "j"  was declared but never referenced
        int i,j ;
ultrasecret.c(195): warning:  #177-D: variable "ciphertext_ptr"  was declared but never referenced
  long *ciphertext_ptr = (long *)0x20000200;
ultrasecret.c(199): warning:  #550-D: variable "c"  was set but never used
  long *c ;
ultrasecret.c: 7 warnings, 0 errors
assembling aes.s...
aes.s(88): warning: A1865W: '#' not seen before constant expression
aes.s(95): warning: A1865W: '#' not seen before constant expression
aes.s(11): warning: A1471W: Directive LTORG may be in an executable position
assembling init_aes.s...
init_aes.s(211): warning: A1581W: Added 2 bytes of padding at address 0x142
assembling startup_stm32f407xx.s...
compiling system_stm32f4xx.c...
linking...
Program Size: Code=2198 RO-data=2458 RW-data=0 ZI-data=1632  
".\Objects\ultrasecret.axf" - 0 Error(s), 11 Warning(s).

*** Performing Cross-Module-Optimization:
compiling system_stm32f4xx.c...
linking...
Program Size: Code=2198 RO-data=2458 RW-data=0 ZI-data=1632  
FromELF: creating hex file...
".\Objects\ultrasecret.axf" - 0 Error(s), 0 Warning(s).
*** Completed Cross-Module-Optimization after 2 iteration(s).

<h2>Software Packages used:</h2>

Package Vendor: ARM
                http://www.keil.com/pack/ARM.CMSIS.5.0.0.pack
                ARM::CMSIS:CORE:5.0.0
                CMSIS (Cortex Microcontroller Software Interface Standard)
   * Component: CORE Version: 5.0.0

Package Vendor: Keil
                http://www.keil.com/pack/Keil.STM32F4xx_DFP.2.10.0.pack
                Keil::Device:Startup:2.5.0
                STMicroelectronics STM32F4 Series Device Support, Drivers and Examples
   * Component: Startup Version: 2.5.0

<h2>Collection of Component include folders:</h2>
  C:\Users\TSAFAS\Dropbox\Project\supersecret\RTE\_Target_1
  E:\keil\ARM\PACK\ARM\CMSIS\5.0.0\CMSIS\Include
  E:\keil\ARM\PACK\Keil\STM32F4xx_DFP\2.10.0\Drivers\CMSIS\Device\ST\STM32F4xx\Include

<h2>Collection of Component Files used:</h2>

   * Component: ARM::CMSIS:CORE:5.0.0

   * Component: Keil::Device:Startup:2.5.0
      Source file:   MDK\Device\Source\ARM\STM32F40xxx_41xxx_OPT.s
      Source file:   MDK\Device\Source\ARM\STM32F4xx_OTP.s
      Include file:  Drivers\CMSIS\Device\ST\STM32F4xx\Include\stm32f4xx.h
      Source file:   Drivers\CMSIS\Device\ST\STM32F4xx\Source\Templates\arm\startup_stm32f407xx.s
      Source file:   Drivers\CMSIS\Device\ST\STM32F4xx\Source\Templates\system_stm32f4xx.c
Build Time Elapsed:  00:00:07
</pre>
</body>
</html>
